2026-03-12 09:34:59 - data_download - INFO - Starting multi-asset data download
2026-03-12 09:35:01 - data_download - INFO - Downloaded 4666 rows for USDINR
2026-03-12 09:35:01 - data_download - INFO - Master calendar established: 4666 trading days
2026-03-12 09:35:01 - data_download - INFO - Downloaded 4666 rows for USDINR
2026-03-12 09:35:02 - data_download - INFO - Downloaded 4476 rows for Oil
2026-03-12 09:35:03 - data_download - INFO - Downloaded 4529 rows for DXY
2026-03-12 09:35:03 - data_download - INFO - Downloaded 4527 rows for Gold
2026-03-12 09:35:04 - data_download - INFO - Downloaded 4413 rows for Nifty50
2026-03-12 09:35:05 - data_download - INFO - Downloaded 4528 rows for SP500
2026-03-12 09:35:06 - data_download - INFO - Downloaded 4528 rows for VIX
2026-03-12 09:35:06 - data_download - INFO - Downloaded 4527 rows for US10Y
2026-03-12 09:35:07 - data_download - INFO - Downloaded 4527 rows for USTBILL
2026-03-12 09:35:08 - data_download - INFO - Downloaded 4528 rows for EEM
2026-03-12 09:35:08 - data_download - INFO - Downloaded 4682 rows for CNY
2026-03-12 09:35:09 - data_download - INFO - Downloaded 4667 rows for SGD
2026-03-12 09:35:09 - data_download - INFO - Aligning data to master calendar
2026-03-12 09:35:09 - data_download - INFO - Unified dataset created: (4666, 48)
2026-03-12 09:35:09 - data_download - INFO - Generating technical features
2026-03-12 09:35:09 - data_download - INFO - Dataset complete: 144 features, 4666 samples
2026-03-12 09:35:10 - data_download - INFO - Data saved to ..\data\data.csv
