2026-03-11 22:45:53 - data_download - INFO - Starting multi-asset data download
2026-03-11 22:45:54 - data_download - INFO - Downloaded 4666 rows for USDINR
2026-03-11 22:45:54 - data_download - INFO - Master calendar established: 4666 trading days
2026-03-11 22:45:55 - data_download - INFO - Downloaded 4666 rows for USDINR
2026-03-11 22:45:56 - data_download - INFO - Downloaded 4477 rows for Oil
2026-03-11 22:45:57 - data_download - INFO - Downloaded 4530 rows for DXY
2026-03-11 22:45:58 - data_download - INFO - Downloaded 4528 rows for Gold
2026-03-11 22:45:59 - data_download - INFO - Downloaded 4413 rows for Nifty50
2026-03-11 22:45:59 - data_download - INFO - Downloaded 4529 rows for SP500
2026-03-11 22:46:00 - data_download - INFO - Downloaded 4529 rows for VIX
2026-03-11 22:46:01 - data_download - INFO - Downloaded 4527 rows for US10Y
2026-03-11 22:46:02 - data_download - INFO - Downloaded 4527 rows for USTBILL
2026-03-11 22:46:03 - data_download - INFO - Downloaded 4529 rows for EEM
2026-03-11 22:46:04 - data_download - INFO - Downloaded 4682 rows for CNY
2026-03-11 22:46:05 - data_download - INFO - Downloaded 4667 rows for SGD
2026-03-11 22:46:05 - data_download - INFO - Aligning data to master calendar
2026-03-11 22:46:05 - data_download - INFO - Unified dataset created: (4666, 48)
2026-03-11 22:46:05 - data_download - INFO - Generating technical features
2026-03-11 22:46:05 - data_download - INFO - Dataset complete: 144 features, 4666 samples
2026-03-11 22:46:06 - data_download - INFO - Data saved to ..\data\data.csv
