2026-03-12 05:31:41 - data_download - INFO - Starting multi-asset data download
2026-03-12 05:31:42 - data_download - INFO - Downloaded 4665 rows for USDINR
2026-03-12 05:31:42 - data_download - INFO - Master calendar established: 4665 trading days
2026-03-12 05:31:43 - data_download - INFO - Downloaded 4665 rows for USDINR
2026-03-12 05:31:44 - data_download - INFO - Downloaded 4477 rows for Oil
2026-03-12 05:31:44 - data_download - INFO - Downloaded 4530 rows for DXY
2026-03-12 05:31:45 - data_download - INFO - Downloaded 4528 rows for Gold
2026-03-12 05:31:45 - data_download - INFO - Downloaded 4413 rows for Nifty50
2026-03-12 05:31:46 - data_download - INFO - Downloaded 4528 rows for SP500
2026-03-12 05:31:47 - data_download - INFO - Downloaded 4528 rows for VIX
2026-03-12 05:31:47 - data_download - INFO - Downloaded 4527 rows for US10Y
2026-03-12 05:31:48 - data_download - INFO - Downloaded 4527 rows for USTBILL
2026-03-12 05:31:49 - data_download - INFO - Downloaded 4528 rows for EEM
2026-03-12 05:31:49 - data_download - INFO - Downloaded 4681 rows for CNY
2026-03-12 05:31:50 - data_download - INFO - Downloaded 4667 rows for SGD
2026-03-12 05:31:50 - data_download - INFO - Aligning data to master calendar
2026-03-12 05:31:50 - data_download - INFO - Unified dataset created: (4665, 48)
2026-03-12 05:31:50 - data_download - INFO - Generating technical features
2026-03-12 05:31:50 - data_download - INFO - Dataset complete: 144 features, 4665 samples
2026-03-12 05:31:51 - data_download - INFO - Data saved to ..\data\data.csv
