2026-03-12 08:04:50 - model_training - INFO - Starting model training pipeline
2026-03-12 08:04:50 - model_training - INFO - Loaded data: 4666 samples, 70 features
2026-03-12 08:04:50 - model_training - INFO - Created 4636 sequences of 30 timesteps
2026-03-12 08:04:50 - model_training - INFO - 
==================================================
2026-03-12 08:04:50 - model_training - INFO - Training Fold 1/5
2026-03-12 08:04:50 - model_training - INFO - ==================================================
2026-03-12 08:04:50 - model_training - INFO - TensorBoard logging to: ..\logs\tensorboard\fx_experiment_20260312_080450\fold_1
2026-03-12 08:07:14 - model_training - INFO - Fold 1 Results - Directional Accuracy: 54.27%, MAE: 0.2711
2026-03-12 08:07:14 - model_training - INFO - 
==================================================
2026-03-12 08:07:14 - model_training - INFO - Training Fold 2/5
2026-03-12 08:07:14 - model_training - INFO - ==================================================
2026-03-12 08:07:14 - model_training - INFO - TensorBoard logging to: ..\logs\tensorboard\fx_experiment_20260312_080450\fold_2
2026-03-12 08:09:23 - model_training - INFO - Fold 2 Results - Directional Accuracy: 50.26%, MAE: 0.1237
2026-03-12 08:09:23 - model_training - INFO - 
==================================================
2026-03-12 08:09:23 - model_training - INFO - Training Fold 3/5
2026-03-12 08:09:23 - model_training - INFO - ==================================================
2026-03-12 08:09:24 - model_training - INFO - TensorBoard logging to: ..\logs\tensorboard\fx_experiment_20260312_080450\fold_3
2026-03-12 08:12:16 - model_training - INFO - Fold 3 Results - Directional Accuracy: 52.07%, MAE: 0.1512
2026-03-12 08:12:16 - model_training - INFO - 
==================================================
2026-03-12 08:12:16 - model_training - INFO - Training Fold 4/5
2026-03-12 08:12:16 - model_training - INFO - ==================================================
2026-03-12 08:12:17 - model_training - INFO - TensorBoard logging to: ..\logs\tensorboard\fx_experiment_20260312_080450\fold_4
2026-03-12 08:16:30 - model_training - INFO - Fold 4 Results - Directional Accuracy: 53.24%, MAE: 0.1205
2026-03-12 08:16:30 - model_training - INFO - 
==================================================
2026-03-12 08:16:30 - model_training - INFO - Training Fold 5/5
2026-03-12 08:16:30 - model_training - INFO - ==================================================
2026-03-12 08:16:31 - model_training - INFO - TensorBoard logging to: ..\logs\tensorboard\fx_experiment_20260312_080450\fold_5
2026-03-12 08:19:54 - model_training - INFO - Fold 5 Results - Directional Accuracy: 57.12%, MAE: 0.0739
2026-03-12 08:19:54 - model_training - INFO - Final model saved: ..\models\fx_experiment_20260312_080450_final.keras
2026-03-12 08:19:54 - model_training - INFO - 
Experiment summary saved: ..\models\fx_experiment_20260312_080450_summary.json
2026-03-12 08:19:54 - model_training - INFO - 
Overall Performance:
  Average Directional Accuracy: 53.39%
  Average MAE: 0.1481
