2026-03-12 09:35:11 - model_training - INFO - Starting model training pipeline
2026-03-12 09:35:11 - model_training - INFO - Loaded data: 4666 samples, 70 features
2026-03-12 09:35:11 - model_training - INFO - Created 4636 sequences of 30 timesteps
2026-03-12 09:35:11 - model_training - INFO - 
==================================================
2026-03-12 09:35:11 - model_training - INFO - Training Fold 1/7
2026-03-12 09:35:11 - model_training - INFO - ==================================================
2026-03-12 09:35:11 - model_training - INFO - TensorBoard logging to: ..\logs\tensorboard\fx_experiment_20260312_093511\fold_1
2026-03-12 09:36:10 - model_training - INFO - Fold 1 Results - Directional Accuracy: 50.43%, MAE: 0.2119
2026-03-12 09:36:10 - model_training - INFO - 
==================================================
2026-03-12 09:36:10 - model_training - INFO - Training Fold 2/7
2026-03-12 09:36:10 - model_training - INFO - ==================================================
2026-03-12 09:36:10 - model_training - INFO - TensorBoard logging to: ..\logs\tensorboard\fx_experiment_20260312_093511\fold_2
2026-03-12 09:36:59 - model_training - INFO - Fold 2 Results - Directional Accuracy: 51.12%, MAE: 0.1938
2026-03-12 09:36:59 - model_training - INFO - 
==================================================
2026-03-12 09:36:59 - model_training - INFO - Training Fold 3/7
2026-03-12 09:36:59 - model_training - INFO - ==================================================
2026-03-12 09:37:00 - model_training - INFO - TensorBoard logging to: ..\logs\tensorboard\fx_experiment_20260312_093511\fold_3
2026-03-12 09:38:18 - model_training - INFO - Fold 3 Results - Directional Accuracy: 49.05%, MAE: 0.1190
2026-03-12 09:38:18 - model_training - INFO - 
==================================================
2026-03-12 09:38:18 - model_training - INFO - Training Fold 4/7
2026-03-12 09:38:18 - model_training - INFO - ==================================================
2026-03-12 09:38:18 - model_training - INFO - TensorBoard logging to: ..\logs\tensorboard\fx_experiment_20260312_093511\fold_4
2026-03-12 09:39:44 - model_training - INFO - Fold 4 Results - Directional Accuracy: 49.40%, MAE: 0.1418
2026-03-12 09:39:44 - model_training - INFO - 
==================================================
2026-03-12 09:39:44 - model_training - INFO - Training Fold 5/7
2026-03-12 09:39:44 - model_training - INFO - ==================================================
2026-03-12 09:39:44 - model_training - INFO - TensorBoard logging to: ..\logs\tensorboard\fx_experiment_20260312_093511\fold_5
2026-03-12 09:40:44 - model_training - INFO - Fold 5 Results - Directional Accuracy: 49.40%, MAE: 0.1433
2026-03-12 09:40:44 - model_training - INFO - 
==================================================
2026-03-12 09:40:44 - model_training - INFO - Training Fold 6/7
2026-03-12 09:40:44 - model_training - INFO - ==================================================
2026-03-12 09:40:44 - model_training - INFO - TensorBoard logging to: ..\logs\tensorboard\fx_experiment_20260312_093511\fold_6
2026-03-12 09:44:36 - model_training - INFO - Fold 6 Results - Directional Accuracy: 52.50%, MAE: 0.1031
2026-03-12 09:44:36 - model_training - INFO - 
==================================================
2026-03-12 09:44:36 - model_training - INFO - Training Fold 7/7
2026-03-12 09:44:36 - model_training - INFO - ==================================================
2026-03-12 09:44:37 - model_training - INFO - TensorBoard logging to: ..\logs\tensorboard\fx_experiment_20260312_093511\fold_7
2026-03-12 09:45:56 - model_training - INFO - Fold 7 Results - Directional Accuracy: 62.00%, MAE: 0.0753
2026-03-12 09:45:56 - model_training - INFO - Final model saved: ..\models\fx_experiment_20260312_093511_final.keras
2026-03-12 09:45:56 - model_training - INFO - 
Experiment summary saved: ..\models\fx_experiment_20260312_093511_summary.json
2026-03-12 09:45:56 - model_training - INFO - 
Overall Performance:
  Average Directional Accuracy: 51.99%
  Average MAE: 0.1412
