2026-03-12 05:31:51 - model_training - INFO - Starting model training pipeline
2026-03-12 05:31:51 - model_training - INFO - Loaded data: 4665 samples, 67 features
2026-03-12 05:31:51 - model_training - INFO - Created 4635 sequences of 30 timesteps
2026-03-12 05:31:51 - model_training - INFO - 
==================================================
2026-03-12 05:31:51 - model_training - INFO - Training Fold 1/5
2026-03-12 05:31:51 - model_training - INFO - ==================================================
2026-03-12 05:31:52 - model_training - INFO - TensorBoard logging to: ..\logs\tensorboard\fx_experiment_20260312_053151\fold_1
2026-03-12 05:33:40 - model_training - INFO - Fold 1 Results - Directional Accuracy: 54.15%, MAE: 0.2353
2026-03-12 05:33:40 - model_training - INFO - 
==================================================
2026-03-12 05:33:40 - model_training - INFO - Training Fold 2/5
2026-03-12 05:33:40 - model_training - INFO - ==================================================
2026-03-12 05:33:40 - model_training - INFO - TensorBoard logging to: ..\logs\tensorboard\fx_experiment_20260312_053151\fold_2
2026-03-12 05:35:27 - model_training - INFO - Fold 2 Results - Directional Accuracy: 49.61%, MAE: 0.1223
2026-03-12 05:35:27 - model_training - INFO - 
==================================================
2026-03-12 05:35:27 - model_training - INFO - Training Fold 3/5
2026-03-12 05:35:27 - model_training - INFO - ==================================================
2026-03-12 05:35:27 - model_training - INFO - TensorBoard logging to: ..\logs\tensorboard\fx_experiment_20260312_053151\fold_3
2026-03-12 05:38:20 - model_training - INFO - Fold 3 Results - Directional Accuracy: 51.55%, MAE: 0.1515
2026-03-12 05:38:20 - model_training - INFO - 
==================================================
2026-03-12 05:38:20 - model_training - INFO - Training Fold 4/5
2026-03-12 05:38:20 - model_training - INFO - ==================================================
2026-03-12 05:38:21 - model_training - INFO - TensorBoard logging to: ..\logs\tensorboard\fx_experiment_20260312_053151\fold_4
2026-03-12 05:42:18 - model_training - INFO - Fold 4 Results - Directional Accuracy: 52.72%, MAE: 0.1197
2026-03-12 05:42:18 - model_training - INFO - 
==================================================
2026-03-12 05:42:18 - model_training - INFO - Training Fold 5/5
2026-03-12 05:42:18 - model_training - INFO - ==================================================
2026-03-12 05:42:18 - model_training - INFO - TensorBoard logging to: ..\logs\tensorboard\fx_experiment_20260312_053151\fold_5
2026-03-12 05:46:46 - model_training - INFO - Fold 5 Results - Directional Accuracy: 58.55%, MAE: 0.0744
2026-03-12 05:46:46 - model_training - INFO - Final model saved: ..\models\fx_experiment_20260312_053151_final.keras
2026-03-12 05:46:46 - model_training - INFO - 
Experiment summary saved: ..\models\fx_experiment_20260312_053151_summary.json
2026-03-12 05:46:46 - model_training - INFO - 
Overall Performance:
  Average Directional Accuracy: 53.32%
  Average MAE: 0.1406
