2026-03-12 06:35:56 - model_training - INFO - Starting model training pipeline
2026-03-12 06:35:56 - model_training - INFO - Loaded data: 4666 samples, 70 features
2026-03-12 06:35:56 - model_training - INFO - Created 4636 sequences of 30 timesteps
2026-03-12 06:35:56 - model_training - INFO - 
==================================================
2026-03-12 06:35:56 - model_training - INFO - Training Fold 1/5
2026-03-12 06:35:56 - model_training - INFO - ==================================================
2026-03-12 06:35:56 - model_training - INFO - TensorBoard logging to: ..\logs\tensorboard\fx_experiment_20260312_063556\fold_1
2026-03-12 06:38:02 - model_training - INFO - Fold 1 Results - Directional Accuracy: 53.63%, MAE: 0.2354
2026-03-12 06:38:02 - model_training - INFO - 
==================================================
2026-03-12 06:38:02 - model_training - INFO - Training Fold 2/5
2026-03-12 06:38:02 - model_training - INFO - ==================================================
2026-03-12 06:38:02 - model_training - INFO - TensorBoard logging to: ..\logs\tensorboard\fx_experiment_20260312_063556\fold_2
2026-03-12 06:41:16 - model_training - INFO - Fold 2 Results - Directional Accuracy: 50.00%, MAE: 0.1219
2026-03-12 06:41:16 - model_training - INFO - 
==================================================
2026-03-12 06:41:16 - model_training - INFO - Training Fold 3/5
2026-03-12 06:41:16 - model_training - INFO - ==================================================
2026-03-12 06:41:16 - model_training - INFO - TensorBoard logging to: ..\logs\tensorboard\fx_experiment_20260312_063556\fold_3
2026-03-12 06:44:21 - model_training - INFO - Fold 3 Results - Directional Accuracy: 51.55%, MAE: 0.1517
2026-03-12 06:44:21 - model_training - INFO - 
==================================================
2026-03-12 06:44:21 - model_training - INFO - Training Fold 4/5
2026-03-12 06:44:21 - model_training - INFO - ==================================================
2026-03-12 06:44:21 - model_training - INFO - TensorBoard logging to: ..\logs\tensorboard\fx_experiment_20260312_063556\fold_4
2026-03-12 06:47:25 - model_training - INFO - Fold 4 Results - Directional Accuracy: 54.92%, MAE: 0.1196
2026-03-12 06:47:25 - model_training - INFO - 
==================================================
2026-03-12 06:47:25 - model_training - INFO - Training Fold 5/5
2026-03-12 06:47:25 - model_training - INFO - ==================================================
2026-03-12 06:47:26 - model_training - INFO - TensorBoard logging to: ..\logs\tensorboard\fx_experiment_20260312_063556\fold_5
2026-03-12 06:50:40 - model_training - INFO - Fold 5 Results - Directional Accuracy: 59.46%, MAE: 0.0743
2026-03-12 06:50:40 - model_training - INFO - Final model saved: ..\models\fx_experiment_20260312_063556_final.keras
2026-03-12 06:50:40 - model_training - INFO - 
Experiment summary saved: ..\models\fx_experiment_20260312_063556_summary.json
2026-03-12 06:50:40 - model_training - INFO - 
Overall Performance:
  Average Directional Accuracy: 53.91%
  Average MAE: 0.1406
