2026-03-12 08:04:39 - pipeline - INFO - ============================================================
2026-03-12 08:04:39 - pipeline - INFO - FX Prediction Pipeline Starting
2026-03-12 08:04:39 - pipeline - INFO - ============================================================
2026-03-12 08:04:39 - pipeline - INFO - 
[Step 1/3] Downloading financial data
2026-03-12 08:04:39 - pipeline - INFO - ------------------------------------------------------------
2026-03-12 08:04:49 - pipeline - INFO - Data download completed successfully
2026-03-12 08:04:49 - pipeline - INFO - 
[Step 2/3] Preprocessing data
2026-03-12 08:04:49 - pipeline - INFO - ------------------------------------------------------------
2026-03-12 08:04:50 - pipeline - INFO - Preprocessing completed successfully
2026-03-12 08:04:50 - pipeline - INFO - 
[Step 3/3] Training model
2026-03-12 08:04:50 - pipeline - INFO - ------------------------------------------------------------
2026-03-12 08:19:54 - pipeline - INFO - Model training completed successfully
2026-03-12 08:19:54 - pipeline - INFO - 
============================================================
2026-03-12 08:19:54 - pipeline - INFO - Pipeline Completed Successfully!
2026-03-12 08:19:54 - pipeline - INFO - ============================================================
2026-03-12 08:19:54 - pipeline - INFO - Experiment: fx_experiment_20260312_080450
2026-03-12 08:19:54 - pipeline - INFO - Average Directional Accuracy: 53.39%
2026-03-12 08:19:54 - pipeline - INFO - Average MAE: 0.1481
2026-03-12 08:19:54 - pipeline - INFO - Model saved to: ../models
