2026-03-11 23:12:10 - pipeline - INFO - ============================================================
2026-03-11 23:12:10 - pipeline - INFO - FX Prediction Pipeline Starting
2026-03-11 23:12:10 - pipeline - INFO - ============================================================
2026-03-11 23:12:10 - pipeline - INFO - 
[Step 1/3] Downloading financial data
2026-03-11 23:12:10 - pipeline - INFO - ------------------------------------------------------------
2026-03-11 23:12:28 - pipeline - INFO - Data download completed successfully
2026-03-11 23:12:28 - pipeline - INFO - 
[Step 2/3] Preprocessing data
2026-03-11 23:12:28 - pipeline - INFO - ------------------------------------------------------------
2026-03-11 23:12:29 - pipeline - INFO - Preprocessing completed successfully
2026-03-11 23:12:29 - pipeline - INFO - 
[Step 3/3] Training model
2026-03-11 23:12:29 - pipeline - INFO - ------------------------------------------------------------
2026-03-11 23:24:42 - pipeline - INFO - Model training completed successfully
2026-03-11 23:24:42 - pipeline - INFO - 
============================================================
2026-03-11 23:24:42 - pipeline - INFO - Pipeline Completed Successfully!
2026-03-11 23:24:42 - pipeline - INFO - ============================================================
2026-03-11 23:24:42 - pipeline - INFO - Experiment: fx_experiment_20260311_231229
2026-03-11 23:24:42 - pipeline - INFO - Average Directional Accuracy: 55.54%
2026-03-11 23:24:42 - pipeline - INFO - Average MAE: 0.1404
2026-03-11 23:24:42 - pipeline - INFO - Model saved to: ../models
