2026-03-12 06:35:46 - pipeline - INFO - ============================================================
2026-03-12 06:35:46 - pipeline - INFO - FX Prediction Pipeline Starting
2026-03-12 06:35:46 - pipeline - INFO - ============================================================
2026-03-12 06:35:46 - pipeline - INFO - 
[Step 1/3] Downloading financial data
2026-03-12 06:35:46 - pipeline - INFO - ------------------------------------------------------------
2026-03-12 06:35:55 - pipeline - INFO - Data download completed successfully
2026-03-12 06:35:55 - pipeline - INFO - 
[Step 2/3] Preprocessing data
2026-03-12 06:35:55 - pipeline - INFO - ------------------------------------------------------------
2026-03-12 06:35:56 - pipeline - INFO - Preprocessing completed successfully
2026-03-12 06:35:56 - pipeline - INFO - 
[Step 3/3] Training model
2026-03-12 06:35:56 - pipeline - INFO - ------------------------------------------------------------
2026-03-12 06:50:40 - pipeline - INFO - Model training completed successfully
2026-03-12 06:50:40 - pipeline - INFO - 
============================================================
2026-03-12 06:50:40 - pipeline - INFO - Pipeline Completed Successfully!
2026-03-12 06:50:40 - pipeline - INFO - ============================================================
2026-03-12 06:50:40 - pipeline - INFO - Experiment: fx_experiment_20260312_063556
2026-03-12 06:50:40 - pipeline - INFO - Average Directional Accuracy: 53.91%
2026-03-12 06:50:40 - pipeline - INFO - Average MAE: 0.1406
2026-03-12 06:50:40 - pipeline - INFO - Model saved to: ../models
