2026-03-12 07:40:35 - pipeline - INFO - ============================================================
2026-03-12 07:40:35 - pipeline - INFO - FX Prediction Pipeline Starting
2026-03-12 07:40:35 - pipeline - INFO - ============================================================
2026-03-12 07:40:35 - pipeline - INFO - 
[Step 1/3] Downloading financial data
2026-03-12 07:40:35 - pipeline - INFO - ------------------------------------------------------------
2026-03-12 07:40:45 - pipeline - INFO - Data download completed successfully
2026-03-12 07:40:45 - pipeline - INFO - 
[Step 2/3] Preprocessing data
2026-03-12 07:40:45 - pipeline - INFO - ------------------------------------------------------------
2026-03-12 07:40:46 - pipeline - INFO - Preprocessing completed successfully
2026-03-12 07:40:46 - pipeline - INFO - 
[Step 3/3] Training model
2026-03-12 07:40:46 - pipeline - INFO - ------------------------------------------------------------
2026-03-12 07:40:46 - pipeline - ERROR - Pipeline failed: 'l2_regularization'
Traceback (most recent call last):
  File "C:\Users\Shreya\Projects\self_master\fx_prediction\src\main.py", line 73, in run
    summary = trainer.train_model()
  File "C:\Users\Shreya\Projects\self_master\fx_prediction\src\model_training.py", line 348, in train_model
    model = self.build_model((window_size, features))
  File "C:\Users\Shreya\Projects\self_master\fx_prediction\src\model_training.py", line 168, in build_model
    model_config["l2_regularization"]
    ~~~~~~~~~~~~^^^^^^^^^^^^^^^^^^^^^
KeyError: 'l2_regularization'
